// Jest Snapshot v1, https://goo.gl/fbAQLP

exports[`mosquito-ui/grid/Col component renders correctly 1`] = `
<ContextConsumer>
  <Component />
</ContextConsumer>
`;
