// Jest Snapshot v1, https://goo.gl/fbAQLP

exports[`@mosquito-ui/grid/Row renders correctly 1`] = `
<ContextConsumer>
  <Component />
</ContextConsumer>
`;

exports[`Row - component renders correctly 1`] = `
<ContextConsumer>
  <Component />
</ContextConsumer>
`;
