// Jest Snapshot v1, https://goo.gl/fbAQLP

exports[`Row - styled component renders correctly 1`] = `
<div
  className="sc-bdVaJa kJujun"
/>
`;
